// Jest Snapshot v1, https://goo.gl/fbAQLP

exports[`CategoryTag can render without crashing 1`] = `ReactWrapper {}`;
