// Jest Snapshot v1, https://goo.gl/fbAQLP

exports[`RecordList in History renders without crshing 1`] = `ShallowWrapper {}`;
