// Jest Snapshot v1, https://goo.gl/fbAQLP

exports[`Progress bar renders without crashing 1`] = `ReactWrapper {}`;
