// Jest Snapshot v1, https://goo.gl/fbAQLP

exports[`RecordList renders porperly 1`] = `ReactWrapper {}`;
