// Jest Snapshot v1, https://goo.gl/fbAQLP

exports[`SummaryBox can render without crashing 1`] = `ReactWrapper {}`;
