// Jest Snapshot v1, https://goo.gl/fbAQLP

exports[`UserDropDown renders without crashing 1`] = `ReactWrapper {}`;
