// Jest Snapshot v1, https://goo.gl/fbAQLP

exports[`Amount Input can dispatch action to the reducer 1`] = `Array []`;
