// Jest Snapshot v1, https://goo.gl/fbAQLP

exports[`TypeInput can disptach action to the store 1`] = `Array []`;
